H3 exhaustive check: building independent baseline oracle...
Oracle ready: 3674160 states; diameter 11; distance-11 states 2644.
Progress: 10000 / 3674160; wall 2 seconds
Progress: 20000 / 3674160; wall 3 seconds
Progress: 30000 / 3674160; wall 3 seconds
Progress: 40000 / 3674160; wall 6 seconds
Progress: 50000 / 3674160; wall 9 seconds
Progress: 60000 / 3674160; wall 12 seconds
Progress: 70000 / 3674160; wall 15 seconds
Progress: 80000 / 3674160; wall 18 seconds
Progress: 90000 / 3674160; wall 21 seconds
Progress: 100000 / 3674160; wall 24 seconds
Progress: 110000 / 3674160; wall 26 seconds
Progress: 120000 / 3674160; wall 29 seconds
Progress: 130000 / 3674160; wall 32 seconds
Progress: 140000 / 3674160; wall 35 seconds
Progress: 150000 / 3674160; wall 38 seconds
Progress: 160000 / 3674160; wall 41 seconds
Progress: 170000 / 3674160; wall 44 seconds
Progress: 180000 / 3674160; wall 47 seconds
Progress: 190000 / 3674160; wall 50 seconds
Progress: 200000 / 3674160; wall 52 seconds
Progress: 210000 / 3674160; wall 55 seconds
Progress: 220000 / 3674160; wall 58 seconds
Progress: 230000 / 3674160; wall 61 seconds
Progress: 240000 / 3674160; wall 63 seconds
Progress: 250000 / 3674160; wall 67 seconds
Progress: 260000 / 3674160; wall 70 seconds
Progress: 270000 / 3674160; wall 74 seconds
Progress: 280000 / 3674160; wall 77 seconds
Progress: 290000 / 3674160; wall 80 seconds
Progress: 300000 / 3674160; wall 83 seconds
Progress: 310000 / 3674160; wall 86 seconds
Progress: 320000 / 3674160; wall 89 seconds
Progress: 330000 / 3674160; wall 93 seconds
Progress: 340000 / 3674160; wall 96 seconds
Progress: 350000 / 3674160; wall 99 seconds
Progress: 360000 / 3674160; wall 102 seconds
Progress: 370000 / 3674160; wall 105 seconds
Progress: 380000 / 3674160; wall 108 seconds
Progress: 390000 / 3674160; wall 111 seconds
Progress: 400000 / 3674160; wall 114 seconds
Progress: 410000 / 3674160; wall 117 seconds
Progress: 420000 / 3674160; wall 120 seconds
Progress: 430000 / 3674160; wall 124 seconds
Progress: 440000 / 3674160; wall 127 seconds
Progress: 450000 / 3674160; wall 129 seconds
Progress: 460000 / 3674160; wall 133 seconds
Progress: 470000 / 3674160; wall 136 seconds
Progress: 480000 / 3674160; wall 139 seconds
Progress: 490000 / 3674160; wall 142 seconds
Progress: 500000 / 3674160; wall 145 seconds
Progress: 510000 / 3674160; wall 148 seconds
Progress: 520000 / 3674160; wall 151 seconds
Progress: 530000 / 3674160; wall 154 seconds
Progress: 540000 / 3674160; wall 158 seconds
Progress: 550000 / 3674160; wall 161 seconds
Progress: 560000 / 3674160; wall 164 seconds
Progress: 570000 / 3674160; wall 167 seconds
Progress: 580000 / 3674160; wall 170 seconds
Progress: 590000 / 3674160; wall 173 seconds
Progress: 600000 / 3674160; wall 176 seconds
Progress: 610000 / 3674160; wall 179 seconds
Progress: 620000 / 3674160; wall 182 seconds
Progress: 630000 / 3674160; wall 185 seconds
Progress: 640000 / 3674160; wall 188 seconds
Progress: 650000 / 3674160; wall 191 seconds
Progress: 660000 / 3674160; wall 194 seconds
Progress: 670000 / 3674160; wall 197 seconds
Progress: 680000 / 3674160; wall 200 seconds
Progress: 690000 / 3674160; wall 203 seconds
Progress: 700000 / 3674160; wall 206 seconds
Progress: 710000 / 3674160; wall 209 seconds
Progress: 720000 / 3674160; wall 212 seconds
Progress: 730000 / 3674160; wall 215 seconds
Progress: 740000 / 3674160; wall 218 seconds
Progress: 750000 / 3674160; wall 222 seconds
Progress: 760000 / 3674160; wall 225 seconds
Progress: 770000 / 3674160; wall 228 seconds
Progress: 780000 / 3674160; wall 231 seconds
Progress: 790000 / 3674160; wall 235 seconds
Progress: 800000 / 3674160; wall 238 seconds
Progress: 810000 / 3674160; wall 241 seconds
Progress: 820000 / 3674160; wall 244 seconds
Progress: 830000 / 3674160; wall 247 seconds
Progress: 840000 / 3674160; wall 250 seconds
Progress: 850000 / 3674160; wall 254 seconds
Progress: 860000 / 3674160; wall 257 seconds
Progress: 870000 / 3674160; wall 260 seconds
Progress: 880000 / 3674160; wall 263 seconds
Progress: 890000 / 3674160; wall 266 seconds
Progress: 900000 / 3674160; wall 269 seconds
Progress: 910000 / 3674160; wall 272 seconds
Progress: 920000 / 3674160; wall 275 seconds
Progress: 930000 / 3674160; wall 278 seconds
Progress: 940000 / 3674160; wall 281 seconds
Progress: 950000 / 3674160; wall 284 seconds
Progress: 960000 / 3674160; wall 287 seconds
Progress: 970000 / 3674160; wall 291 seconds
Progress: 980000 / 3674160; wall 294 seconds
Progress: 990000 / 3674160; wall 297 seconds
Progress: 1000000 / 3674160; wall 300 seconds
Progress: 1010000 / 3674160; wall 302 seconds
Progress: 1020000 / 3674160; wall 305 seconds
Progress: 1030000 / 3674160; wall 308 seconds
Progress: 1040000 / 3674160; wall 311 seconds
Progress: 1050000 / 3674160; wall 314 seconds
Progress: 1060000 / 3674160; wall 317 seconds
Progress: 1070000 / 3674160; wall 321 seconds
Progress: 1080000 / 3674160; wall 324 seconds
Progress: 1090000 / 3674160; wall 327 seconds
Progress: 1100000 / 3674160; wall 330 seconds
Progress: 1110000 / 3674160; wall 333 seconds
Progress: 1120000 / 3674160; wall 336 seconds
Progress: 1130000 / 3674160; wall 339 seconds
Progress: 1140000 / 3674160; wall 343 seconds
Progress: 1150000 / 3674160; wall 346 seconds
Progress: 1160000 / 3674160; wall 350 seconds
Progress: 1170000 / 3674160; wall 353 seconds
Progress: 1180000 / 3674160; wall 356 seconds
Progress: 1190000 / 3674160; wall 359 seconds
Progress: 1200000 / 3674160; wall 362 seconds
Progress: 1210000 / 3674160; wall 365 seconds
Progress: 1220000 / 3674160; wall 368 seconds
Progress: 1230000 / 3674160; wall 371 seconds
Progress: 1240000 / 3674160; wall 374 seconds
Progress: 1250000 / 3674160; wall 377 seconds
Progress: 1260000 / 3674160; wall 380 seconds
Progress: 1270000 / 3674160; wall 383 seconds
Progress: 1280000 / 3674160; wall 387 seconds
Progress: 1290000 / 3674160; wall 389 seconds
Progress: 1300000 / 3674160; wall 393 seconds
Progress: 1310000 / 3674160; wall 396 seconds
Progress: 1320000 / 3674160; wall 399 seconds
Progress: 1330000 / 3674160; wall 402 seconds
Progress: 1340000 / 3674160; wall 405 seconds
Progress: 1350000 / 3674160; wall 408 seconds
Progress: 1360000 / 3674160; wall 411 seconds
Progress: 1370000 / 3674160; wall 414 seconds
Progress: 1380000 / 3674160; wall 417 seconds
Progress: 1390000 / 3674160; wall 420 seconds
Progress: 1400000 / 3674160; wall 423 seconds
Progress: 1410000 / 3674160; wall 426 seconds
Progress: 1420000 / 3674160; wall 429 seconds
Progress: 1430000 / 3674160; wall 432 seconds
Progress: 1440000 / 3674160; wall 435 seconds
Progress: 1450000 / 3674160; wall 438 seconds
Progress: 1460000 / 3674160; wall 441 seconds
Progress: 1470000 / 3674160; wall 444 seconds
Progress: 1480000 / 3674160; wall 448 seconds
Progress: 1490000 / 3674160; wall 451 seconds
Progress: 1500000 / 3674160; wall 454 seconds
Progress: 1510000 / 3674160; wall 457 seconds
Progress: 1520000 / 3674160; wall 460 seconds
Progress: 1530000 / 3674160; wall 463 seconds
Progress: 1540000 / 3674160; wall 466 seconds
Progress: 1550000 / 3674160; wall 469 seconds
Progress: 1560000 / 3674160; wall 472 seconds
Progress: 1570000 / 3674160; wall 475 seconds
Progress: 1580000 / 3674160; wall 478 seconds
Progress: 1590000 / 3674160; wall 481 seconds
Progress: 1600000 / 3674160; wall 484 seconds
Progress: 1610000 / 3674160; wall 487 seconds
Progress: 1620000 / 3674160; wall 490 seconds
Progress: 1630000 / 3674160; wall 493 seconds
Progress: 1640000 / 3674160; wall 496 seconds
Progress: 1650000 / 3674160; wall 500 seconds
Progress: 1660000 / 3674160; wall 503 seconds
Progress: 1670000 / 3674160; wall 506 seconds
Progress: 1680000 / 3674160; wall 509 seconds
Progress: 1690000 / 3674160; wall 512 seconds
Progress: 1700000 / 3674160; wall 515 seconds
Progress: 1710000 / 3674160; wall 517 seconds
Progress: 1720000 / 3674160; wall 520 seconds
Progress: 1730000 / 3674160; wall 524 seconds
Progress: 1740000 / 3674160; wall 527 seconds
Progress: 1750000 / 3674160; wall 530 seconds
Progress: 1760000 / 3674160; wall 533 seconds
Progress: 1770000 / 3674160; wall 536 seconds
Progress: 1780000 / 3674160; wall 539 seconds
Progress: 1790000 / 3674160; wall 542 seconds
Progress: 1800000 / 3674160; wall 545 seconds
Progress: 1810000 / 3674160; wall 548 seconds
Progress: 1820000 / 3674160; wall 551 seconds
Progress: 1830000 / 3674160; wall 554 seconds
Progress: 1840000 / 3674160; wall 557 seconds
Progress: 1850000 / 3674160; wall 560 seconds
Progress: 1860000 / 3674160; wall 563 seconds
Progress: 1870000 / 3674160; wall 566 seconds
Progress: 1880000 / 3674160; wall 569 seconds
Progress: 1890000 / 3674160; wall 572 seconds
Progress: 1900000 / 3674160; wall 575 seconds
Progress: 1910000 / 3674160; wall 578 seconds
Progress: 1920000 / 3674160; wall 581 seconds
Progress: 1930000 / 3674160; wall 584 seconds
Progress: 1940000 / 3674160; wall 587 seconds
Progress: 1950000 / 3674160; wall 590 seconds
Progress: 1960000 / 3674160; wall 593 seconds
Progress: 1970000 / 3674160; wall 595 seconds
Progress: 1980000 / 3674160; wall 598 seconds
Progress: 1990000 / 3674160; wall 601 seconds
Progress: 2000000 / 3674160; wall 604 seconds
Progress: 2010000 / 3674160; wall 607 seconds
Progress: 2020000 / 3674160; wall 610 seconds
Progress: 2030000 / 3674160; wall 613 seconds
Progress: 2040000 / 3674160; wall 616 seconds
Progress: 2050000 / 3674160; wall 619 seconds
Progress: 2060000 / 3674160; wall 623 seconds
Progress: 2070000 / 3674160; wall 626 seconds
Progress: 2080000 / 3674160; wall 628 seconds
Progress: 2090000 / 3674160; wall 631 seconds
Progress: 2100000 / 3674160; wall 634 seconds
Progress: 2110000 / 3674160; wall 637 seconds
Progress: 2120000 / 3674160; wall 640 seconds
Progress: 2130000 / 3674160; wall 643 seconds
Progress: 2140000 / 3674160; wall 646 seconds
Progress: 2150000 / 3674160; wall 649 seconds
Progress: 2160000 / 3674160; wall 652 seconds
Progress: 2170000 / 3674160; wall 655 seconds
Progress: 2180000 / 3674160; wall 658 seconds
Progress: 2190000 / 3674160; wall 661 seconds
Progress: 2200000 / 3674160; wall 664 seconds
Progress: 2210000 / 3674160; wall 667 seconds
Progress: 2220000 / 3674160; wall 670 seconds
Progress: 2230000 / 3674160; wall 673 seconds
Progress: 2240000 / 3674160; wall 676 seconds
Progress: 2250000 / 3674160; wall 679 seconds
Progress: 2260000 / 3674160; wall 682 seconds
Progress: 2270000 / 3674160; wall 685 seconds
Progress: 2280000 / 3674160; wall 688 seconds
Progress: 2290000 / 3674160; wall 691 seconds
Progress: 2300000 / 3674160; wall 694 seconds
Progress: 2310000 / 3674160; wall 697 seconds
Progress: 2320000 / 3674160; wall 700 seconds
Progress: 2330000 / 3674160; wall 703 seconds
Progress: 2340000 / 3674160; wall 706 seconds
Progress: 2350000 / 3674160; wall 709 seconds
Progress: 2360000 / 3674160; wall 712 seconds
Progress: 2370000 / 3674160; wall 715 seconds
Progress: 2380000 / 3674160; wall 718 seconds
Progress: 2390000 / 3674160; wall 721 seconds
Progress: 2400000 / 3674160; wall 724 seconds
Progress: 2410000 / 3674160; wall 727 seconds
Progress: 2420000 / 3674160; wall 730 seconds
Progress: 2430000 / 3674160; wall 733 seconds
Progress: 2440000 / 3674160; wall 736 seconds
Progress: 2450000 / 3674160; wall 740 seconds
Progress: 2460000 / 3674160; wall 743 seconds
Progress: 2470000 / 3674160; wall 746 seconds
Progress: 2480000 / 3674160; wall 749 seconds
Progress: 2490000 / 3674160; wall 752 seconds
Progress: 2500000 / 3674160; wall 755 seconds
Progress: 2510000 / 3674160; wall 758 seconds
Progress: 2520000 / 3674160; wall 761 seconds
Progress: 2530000 / 3674160; wall 764 seconds
Progress: 2540000 / 3674160; wall 766 seconds
Progress: 2550000 / 3674160; wall 769 seconds
Progress: 2560000 / 3674160; wall 772 seconds
Progress: 2570000 / 3674160; wall 775 seconds
Progress: 2580000 / 3674160; wall 778 seconds
Progress: 2590000 / 3674160; wall 781 seconds
Progress: 2600000 / 3674160; wall 784 seconds
Progress: 2610000 / 3674160; wall 787 seconds
Progress: 2620000 / 3674160; wall 790 seconds
Progress: 2630000 / 3674160; wall 793 seconds
Progress: 2640000 / 3674160; wall 796 seconds
Progress: 2650000 / 3674160; wall 799 seconds
Progress: 2660000 / 3674160; wall 802 seconds
Progress: 2670000 / 3674160; wall 805 seconds
Progress: 2680000 / 3674160; wall 808 seconds
Progress: 2690000 / 3674160; wall 811 seconds
Progress: 2700000 / 3674160; wall 814 seconds
Progress: 2710000 / 3674160; wall 817 seconds
Progress: 2720000 / 3674160; wall 820 seconds
Progress: 2730000 / 3674160; wall 823 seconds
Progress: 2740000 / 3674160; wall 825 seconds
Progress: 2750000 / 3674160; wall 828 seconds
Progress: 2760000 / 3674160; wall 831 seconds
Progress: 2770000 / 3674160; wall 834 seconds
Progress: 2780000 / 3674160; wall 837 seconds
Progress: 2790000 / 3674160; wall 840 seconds
Progress: 2800000 / 3674160; wall 843 seconds
Progress: 2810000 / 3674160; wall 846 seconds
Progress: 2820000 / 3674160; wall 849 seconds
Progress: 2830000 / 3674160; wall 852 seconds
Progress: 2840000 / 3674160; wall 854 seconds
Progress: 2850000 / 3674160; wall 857 seconds
Progress: 2860000 / 3674160; wall 860 seconds
Progress: 2870000 / 3674160; wall 863 seconds
Progress: 2880000 / 3674160; wall 866 seconds
Progress: 2890000 / 3674160; wall 869 seconds
Progress: 2900000 / 3674160; wall 872 seconds
Progress: 2910000 / 3674160; wall 875 seconds
Progress: 2920000 / 3674160; wall 878 seconds
Progress: 2930000 / 3674160; wall 881 seconds
Progress: 2940000 / 3674160; wall 884 seconds
Progress: 2950000 / 3674160; wall 887 seconds
Progress: 2960000 / 3674160; wall 890 seconds
Progress: 2970000 / 3674160; wall 893 seconds
Progress: 2980000 / 3674160; wall 896 seconds
Progress: 2990000 / 3674160; wall 899 seconds
Progress: 3000000 / 3674160; wall 902 seconds
Progress: 3010000 / 3674160; wall 905 seconds
Progress: 3020000 / 3674160; wall 908 seconds
Progress: 3030000 / 3674160; wall 911 seconds
Progress: 3040000 / 3674160; wall 914 seconds
Progress: 3050000 / 3674160; wall 917 seconds
Progress: 3060000 / 3674160; wall 920 seconds
Progress: 3070000 / 3674160; wall 923 seconds
Progress: 3080000 / 3674160; wall 926 seconds
Progress: 3090000 / 3674160; wall 928 seconds
Progress: 3100000 / 3674160; wall 931 seconds
Progress: 3110000 / 3674160; wall 934 seconds
Progress: 3120000 / 3674160; wall 937 seconds
Progress: 3130000 / 3674160; wall 940 seconds
Progress: 3140000 / 3674160; wall 943 seconds
Progress: 3150000 / 3674160; wall 946 seconds
Progress: 3160000 / 3674160; wall 949 seconds
Progress: 3170000 / 3674160; wall 951 seconds
Progress: 3180000 / 3674160; wall 954 seconds
Progress: 3190000 / 3674160; wall 957 seconds
Progress: 3200000 / 3674160; wall 960 seconds
Progress: 3210000 / 3674160; wall 963 seconds
Progress: 3220000 / 3674160; wall 966 seconds
Progress: 3230000 / 3674160; wall 969 seconds
Progress: 3240000 / 3674160; wall 971 seconds
Progress: 3250000 / 3674160; wall 974 seconds
Progress: 3260000 / 3674160; wall 977 seconds
Progress: 3270000 / 3674160; wall 980 seconds
Progress: 3280000 / 3674160; wall 983 seconds
Progress: 3290000 / 3674160; wall 986 seconds
Progress: 3300000 / 3674160; wall 989 seconds
Progress: 3310000 / 3674160; wall 992 seconds
Progress: 3320000 / 3674160; wall 995 seconds
Progress: 3330000 / 3674160; wall 998 seconds
Progress: 3340000 / 3674160; wall 1001 seconds
Progress: 3350000 / 3674160; wall 1003 seconds
Progress: 3360000 / 3674160; wall 1006 seconds
Progress: 3370000 / 3674160; wall 1009 seconds
Progress: 3380000 / 3674160; wall 1012 seconds
Progress: 3390000 / 3674160; wall 1015 seconds
Progress: 3400000 / 3674160; wall 1018 seconds
Progress: 3410000 / 3674160; wall 1021 seconds
Progress: 3420000 / 3674160; wall 1024 seconds
Progress: 3430000 / 3674160; wall 1027 seconds
Progress: 3440000 / 3674160; wall 1030 seconds
Progress: 3450000 / 3674160; wall 1033 seconds
Progress: 3460000 / 3674160; wall 1036 seconds
Progress: 3470000 / 3674160; wall 1039 seconds
Progress: 3480000 / 3674160; wall 1042 seconds
Progress: 3490000 / 3674160; wall 1045 seconds
Progress: 3500000 / 3674160; wall 1047 seconds
Progress: 3510000 / 3674160; wall 1049 seconds
Progress: 3520000 / 3674160; wall 1052 seconds
Progress: 3530000 / 3674160; wall 1055 seconds
Progress: 3540000 / 3674160; wall 1058 seconds
Progress: 3550000 / 3674160; wall 1061 seconds
Progress: 3560000 / 3674160; wall 1064 seconds
Progress: 3570000 / 3674160; wall 1067 seconds
Progress: 3580000 / 3674160; wall 1070 seconds
Progress: 3590000 / 3674160; wall 1073 seconds
Progress: 3600000 / 3674160; wall 1076 seconds
Progress: 3610000 / 3674160; wall 1079 seconds
Progress: 3620000 / 3674160; wall 1082 seconds
Progress: 3630000 / 3674160; wall 1086 seconds
Progress: 3640000 / 3674160; wall 1089 seconds
Progress: 3650000 / 3674160; wall 1092 seconds
Progress: 3660000 / 3674160; wall 1095 seconds
Progress: 3670000 / 3674160; wall 1098 seconds
Distance 0: 1 states
Distance 1: 9 states
Distance 2: 54 states
Distance 3: 321 states
Distance 4: 1847 states
Distance 5: 9992 states
Distance 6: 50136 states
Distance 7: 227536 states
Distance 8: 870072 states
Distance 9: 1887748 states
Distance 10: 623800 states
Distance 11: 2644 states
H3 PASS: all 3674160 states returned optimal, valid solutions.
Wall time: 1099 seconds; C clock elapsed: 1098.61 seconds.
